// Jest Snapshot v1, https://goo.gl/fbAQLP

exports[`DebouncedTextarea renders and matches snapshot 1`] = `
<DocumentFragment>
  <textarea />
</DocumentFragment>
`;
