// Jest Snapshot v1, https://goo.gl/fbAQLP

exports[`DebouncedInput renders and matches snapshot 1`] = `
<DocumentFragment>
  <input
    value=""
  />
</DocumentFragment>
`;
