// Jest Snapshot v1, https://goo.gl/fbAQLP

exports[`FormattedNumberInput renders and matches snapshot 1`] = `
<DocumentFragment>
  <input
    inputmode="numeric"
    pattern="\\\\d*"
    type="text"
    value=""
  />
</DocumentFragment>
`;
