// Jest Snapshot v1, https://goo.gl/fbAQLP

exports[`SatSymbol renders and matches snapshot 1`] = `
<DocumentFragment>
  <div
    class="qrcode-detector"
  >
    <div
      class="scan-start link"
    >
      <i
        aria-hidden="true"
        class="fas fa-qrcode"
      />
      start
    </div>
  </div>
</DocumentFragment>
`;
