// Jest Snapshot v1, https://goo.gl/fbAQLP

exports[`SatSymbol renders and matches snapshot 1`] = `
<DocumentFragment>
  <i
    aria-hidden="true"
    class="fak fa-satoshisymbol-solidtilt sat-symbol"
  />
</DocumentFragment>
`;
