// Jest Snapshot v1, https://goo.gl/fbAQLP

exports[`SatFormat renders and matches snapshot 1`] = `
<DocumentFragment>
  <span
    class="sat-format"
    title="Bitcoin Satoshis"
  >
    <svg
      fill="none"
      height="24"
      viewBox="0 0 24 24"
      width="24"
      xmlns="http://www.w3.org/2000/svg"
    >
      <path
        clip-rule="evenodd"
        d="M18.606 2.86741L17.0688 2L15.5524 4.56685L17.0897 5.43426L18.606 2.86741ZM8.82022 19.4331L7.28298 18.5657L5.76664 21.1326L7.30388 22L8.82022 19.4331ZM20.4706 10.347L19.5831 11.8494L8.62228 5.66464L9.50981 4.16223L20.4706 10.347ZM17.2389 15.8174L18.1265 14.315L7.16567 8.13017L6.27814 9.63257L17.2389 15.8174ZM15.8483 18.1709L14.9608 19.6733L4 13.4885L4.88753 11.9861L15.8483 18.1709Z"
        fill="currentColor"
        fill-rule="evenodd"
      />
    </svg>
    420
  </span>
</DocumentFragment>
`;
